---
"./spec/scopedog/exporters/markdown_exporter_spec.rb[1:1:1]": |
  # User


  ```sql
  -- default scope
  SELECT "users".* FROM "users" WHERE "users"."deleted" = 0
  ```

  ## Scopes

  ### `only_deleted`


  ```sql
  SELECT "users".* FROM "users" WHERE (users."deleted" IS NULL OR users."deleted" != 0)
  ```

  ### `with_deleted`


  ```sql
  SELECT "users".* FROM "users"
  ```

  ### `without_deleted`


  ```sql
  SELECT "users".* FROM "users" WHERE "users"."deleted" = 0 AND "users"."deleted" = 0
  ```

  ### `registered`
  Lists registered users.

  ```sql
  SELECT "users".* FROM "users" WHERE "users"."deleted" = 0 AND "users"."registered" = 1
  ```
"./spec/scopedog/exporters/markdown_exporter_spec.rb[1:1:2:1]": |
  # Admin::Log


  ```sql
  -- default scope
  SELECT "admin_logs".* FROM "admin_logs"
  ```

  ## Scopes

  ### `unchecked`
  List operation logs that has not checked yet

  ```sql
  SELECT "admin_logs".* FROM "admin_logs" WHERE "admin_logs"."checked" = 0
  ```
